Microchip MPLAB XC8 Compiler V2.05 ()

Linker command line:

-W-3 --edf=C:\Program Files (x86)\Microchip\xc8\v2.05\pic\dat\en_msgs.txt \
  -cs -h+dist/default/production\New.X.production.sym \
  --cmf=dist/default/production\New.X.production.cmf -z -Q16F84 \
  -oC:\Users\hp\AppData\Local\Temp\s2ik8.2 --defsym=__MPLAB_BUILD=1 \
  -Mdist/default/production/New.X.production.map -E1 -ver=XC8 --acfsm=1493 \
  -ASTACK=010h-04Dh -pstack=STACK -ACODE=00h-03FFh -ASTRCODE=00h-03FFh \
  -ASTRING=00h-0FFhx4 -ACONST=00h-0FFhx4 -AENTRY=00h-0FFhx4 \
  -ABANK0=0Ch-04Dh -ARAM=0Ch-04Dh -AABS1=0Ch-04Fh -ACOMMON=04Eh-04Fh \
  -ASFR0=00h-0Bh -ASFR1=080h-0CDh -preset_vec=00h,intentry,init,end_init \
  -ppowerup=CODE -pcinit=CODE -pfunctab=ENTRY -ACONFIG=02007h-02007h \
  -pconfig=CONFIG -DCONFIG=2 -AIDLOC=02000h-02003h -pidloc=IDLOC -DIDLOC=2 \
  -AEEDATA=00h-03Fh/02100h -peeprom_data=EEDATA -DEEDATA=2 -DCODE=2 \
  -DSTRCODE=2 -DSTRING=2 -DCONST=2 -DENTRY=2 -k \
  C:\Users\hp\AppData\Local\Temp\s2ik8.o \
  dist/default/production\New.X.production.o 

Object code version is 3.11

Machine type is 16F84



                Name                               Link     Load   Length Selector   Space Scale
C:\Users\hp\AppData\Local\Temp\s2ik8.o
                end_init                              0        0        1        0       0
                config                             2007     2007        1     400E       0
dist/default/production\New.X.production.o
                cinit                               3FA      3FA        6      7F4       0
                maintext                            3DD      3DD       1D      7BA       0
                cstackBANK0                           E        E        2        C       1
                dataBANK0                             C        C        2        C       1
                idataBANK0                          3DB      3DB        2      7B6       0

TOTAL           Name                               Link     Load   Length     Space
        CLASS   STACK          

        CLASS   CODE           
                end_init                              0        0        1         0
                cinit                               3FA      3FA        6         0
                maintext                            3DD      3DD       1D         0
                idataBANK0                          3DB      3DB        2         0

        CLASS   STRCODE        

        CLASS   STRING         

        CLASS   CONST          

        CLASS   ENTRY          

        CLASS   BANK0          
                cstackBANK0                           E        E        2         1
                dataBANK0                             C        C        2         1

        CLASS   RAM            

        CLASS   ABS1           
                abs_s1                               4E       4E        2         1

        CLASS   COMMON         

        CLASS   SFR0           

        CLASS   SFR1           

        CLASS   CONFIG         
                config                             2007     2007        1         0

        CLASS   IDLOC          

        CLASS   EEDATA         

        CLASS   BANK1          



SEGMENTS        Name                           Load    Length   Top    Selector   Space  Class     Delta

                reset_vec                      000000  000001  000001         0       0  CODE        2
                dataBANK0                      00000C  000004  000010         C       1  BANK0       1
                idataBANK0                     0003DB  000002  0003DD       7B6       0  CODE        2
                maintext                       0003DD  00001D  0003FA       7BA       0  CODE        2
                cinit                          0003FA  000006  000400       7F4       0  CODE        2
                config                         002007  000001  002008      400E       0  CONFIG      2


UNUSED ADDRESS RANGES

        Name                Unused          Largest block    Delta
        BANK0            0010-004D             3E           1
        CODE             0001-03DA            3DA           2
        CONST            0001-03DA            100           2
        EEDATA           2100-213F             40           2
        ENTRY            0001-03DA            100           2
        IDLOC            2000-2003              4           2
        RAM              0010-004D             3E           1
        SFR0             0000-000B              C           1
        SFR1             0080-00CD             4E           1
        STACK            0010-004D             3E           1
        STRCODE          0001-03DA            3DA           2
        STRING           0001-03DA            100           2

                                  Symbol Table

_PORTA                   (abs)       0005
_TRISA                   (abs)       0085
__CFG_CP$OFF             (abs)       0000
__CFG_FOSC$HS            (abs)       0000
__CFG_PWRTE$OFF          (abs)       0000
__CFG_WDTE$OFF           (abs)       0000
__Habs1                  abs1        0000
__Hbank0                 bank0       0000
__Hbank1                 bank1       0000
__Hcinit                 cinit       0400
__Hclrtext               clrtext     0000
__Hcode                  code        0000
__Hcommon                common      0000
__Hconfig                config      2008
__HcstackBANK0           cstackBANK0 0000
__HdataBANK0             dataBANK0   0000
__Heeprom_data           eeprom_data 0000
__Hend_init              end_init    0001
__Hfunctab               functab     0000
__HidataBANK0            idataBANK0  0000
__Hidloc                 idloc       0000
__Hinit                  init        0000
__Hintentry              intentry    0000
__Hmaintext              maintext    0000
__Hpowerup               powerup     0000
__Hram                   ram         0000
__Hreset_vec             reset_vec   0000
__Hsfr0                  sfr0        0000
__Hsfr1                  sfr1        0000
__Hspace_0               (abs)       2008
__Hspace_1               (abs)       0010
__Hspace_2               (abs)       0000
__Hspace_3               (abs)       0000
__Hstack                 stack       0000
__Hstrings               strings     0000
__Htext                  text        0000
__Labs1                  abs1        0000
__Lbank0                 bank0       0000
__Lbank1                 bank1       0000
__Lcinit                 cinit       03FA
__Lclrtext               clrtext     0000
__Lcode                  code        0000
__Lcommon                common      0000
__Lconfig                config      2007
__LcstackBANK0           cstackBANK0 0000
__LdataBANK0             dataBANK0   0000
__Leeprom_data           eeprom_data 0000
__Lend_init              end_init    0000
__Lfunctab               functab     0000
__LidataBANK0            idataBANK0  0000
__Lidloc                 idloc       0000
__Linit                  init        0000
__Lintentry              intentry    0000
__Lmaintext              maintext    0000
__Lpowerup               powerup     0000
__Lram                   ram         0000
__Lreset_vec             reset_vec   0000
__Lsfr0                  sfr0        0000
__Lsfr1                  sfr1        0000
__Lspace_0               (abs)       0000
__Lspace_1               (abs)       0000
__Lspace_2               (abs)       0000
__Lspace_3               (abs)       0000
__Lstack                 stack       0000
__Lstrings               strings     0000
__Ltext                  text        0000
__S0                     (abs)       2008
__S1                     (abs)       0010
__S2                     (abs)       0000
__S3                     (abs)       0000
___int_sp                stack       0000
___latbits               (abs)       0000
___sp                    stack       0000
___stackhi               (abs)       0000
___stacklo               (abs)       0000
__end_of__initialization cinit       03FE
__end_of_main            maintext    03FA
__initialization         cinit       03FA
__pcstackBANK0           cstackBANK0 000E
__pdataBANK0             dataBANK0   000C
__pidataBANK0            idataBANK0  03DB
__pmaintext              maintext    03DD
__size_of_main           (abs)       0000
_main                    maintext    03DD
btemp                    (abs)       004E
end_of_initialization    cinit       03FE
intlevel0                functab     0000
intlevel1                functab     0000
intlevel2                functab     0000
intlevel3                functab     0000
intlevel4                functab     0000
intlevel5                functab     0000
reset_vec                reset_vec   0000
start                    init        0000
start_initialization     cinit       03FA
wtemp0                   (abs)       004E


FUNCTION INFORMATION:

 *************** function _main *****************
 Defined at:
		line 16 in file "newmain.c"
 Parameters:    Size  Location     Type
		None
 Auto vars:     Size  Location     Type
		None
 Return value:  Size  Location     Type
                  1    wreg      void 
 Registers used:
		wreg, status,2, status,0
 Tracked objects:
		On entry : 
		On exit  : 
		Unchanged: 
 Data sizes:     COMMON   BANK0
      Params:         0       0
      Locals:         0       0
      Temps:          0       2
      Totals:         0       2
Total ram usage:        2 bytes
 This function calls:
		Nothing
 This function is called by:
		Startup code after reset
 This function uses a non-reentrant model



MODULE INFORMATION

Module		Function		Class		Link	Load	Size
newmain.c
		_main          		CODE           	03DD	0000	30

newmain.c estimated size: 30

shared
		__initialization		CODE           	03FA	0000	5

shared estimated size: 5

